============================= test session starts ==============================
platform darwin -- Python 3.11.15, pytest-9.1.1, pluggy-1.6.0 -- /Users/gimseongseob/Desktop/project/Trello/taskflow/backend/.venv/bin/python3.11
cachedir: .pytest_cache
rootdir: /Users/gimseongseob/Desktop/project/Trello/taskflow/backend
configfile: pytest.ini
plugins: asyncio-1.4.0, anyio-4.13.0
asyncio: mode=Mode.AUTO, debug=False, asyncio_default_fixture_loop_scope=None, asyncio_default_test_loop_scope=function
collecting ... collected 22 items

tests/test_auth.py::test_회원가입_성공 PASSED                            [  4%]
tests/test_auth.py::test_중복_이메일_가입_409 PASSED                     [  9%]
tests/test_auth.py::test_빈_이메일_가입_422 PASSED                       [ 13%]
tests/test_auth.py::test_로그인_성공 PASSED                              [ 18%]
tests/test_auth.py::test_잘못된_비밀번호_401 PASSED                      [ 22%]
tests/test_auth.py::test_존재하지_않는_이메일_401 PASSED                 [ 27%]
tests/test_auth.py::test_토큰_재발급_성공 PASSED                         [ 31%]
tests/test_auth.py::test_잘못된_리프레시_토큰_401 PASSED                 [ 36%]
tests/test_boards.py::test_보드_생성 PASSED                              [ 40%]
tests/test_boards.py::test_보드_목록_조회 PASSED                         [ 45%]
tests/test_boards.py::test_보드_삭제 PASSED                              [ 50%]
tests/test_cards.py::test_카드_생성 PASSED                               [ 54%]
tests/test_cards.py::test_카드_수정 PASSED                               [ 59%]
tests/test_cards.py::test_카드_이동 PASSED                               [ 63%]
tests/test_cards.py::test_카드_삭제 PASSED                               [ 68%]
tests/test_cards.py::test_없는_카드_수정_404 PASSED                      [ 72%]
tests/test_permissions.py::test_로그인_안하면_워크스페이스_접근_불가 PASSED [ 77%]
tests/test_permissions.py::test_로그인_안하면_보드_생성_불가 PASSED      [ 81%]
tests/test_workspaces.py::test_워크스페이스_생성 PASSED                  [ 86%]
tests/test_workspaces.py::test_워크스페이스_목록_조회 PASSED             [ 90%]
tests/test_workspaces.py::test_워크스페이스_삭제 PASSED                  [ 95%]
tests/test_workspaces.py::test_로그인_안하고_워크스페이스_생성_401 PASSED [100%]

=============================== warnings summary ===============================
app/config.py:6
  /Users/gimseongseob/Desktop/project/Trello/taskflow/backend/app/config.py:6: PydanticDeprecatedSince20: Support for class-based `config` is deprecated, use ConfigDict instead. Deprecated in Pydantic V2.0 to be removed in V3.0. See Pydantic V2 Migration Guide at https://errors.pydantic.dev/2.13/migration/
    class Settings(BaseSettings) :

.venv/lib/python3.11/site-packages/passlib/utils/__init__.py:854
  /Users/gimseongseob/Desktop/project/Trello/taskflow/backend/.venv/lib/python3.11/site-packages/passlib/utils/__init__.py:854: DeprecationWarning: 'crypt' is deprecated and slated for removal in Python 3.13
    from crypt import crypt as _crypt

app/schemas/workspace.py:14
  /Users/gimseongseob/Desktop/project/Trello/taskflow/backend/app/schemas/workspace.py:14: PydanticDeprecatedSince20: Support for class-based `config` is deprecated, use ConfigDict instead. Deprecated in Pydantic V2.0 to be removed in V3.0. See Pydantic V2 Migration Guide at https://errors.pydantic.dev/2.13/migration/
    class WorkspaceResponse(BaseModel):

app/schemas/board.py:14
  /Users/gimseongseob/Desktop/project/Trello/taskflow/backend/app/schemas/board.py:14: PydanticDeprecatedSince20: Support for class-based `config` is deprecated, use ConfigDict instead. Deprecated in Pydantic V2.0 to be removed in V3.0. See Pydantic V2 Migration Guide at https://errors.pydantic.dev/2.13/migration/
    class BoardResponse(BaseModel):

app/schemas/list.py:13
  /Users/gimseongseob/Desktop/project/Trello/taskflow/backend/app/schemas/list.py:13: PydanticDeprecatedSince20: Support for class-based `config` is deprecated, use ConfigDict instead. Deprecated in Pydantic V2.0 to be removed in V3.0. See Pydantic V2 Migration Guide at https://errors.pydantic.dev/2.13/migration/
    class ListResponse(BaseModel):

app/schemas/card.py:23
  /Users/gimseongseob/Desktop/project/Trello/taskflow/backend/app/schemas/card.py:23: PydanticDeprecatedSince20: Support for class-based `config` is deprecated, use ConfigDict instead. Deprecated in Pydantic V2.0 to be removed in V3.0. See Pydantic V2 Migration Guide at https://errors.pydantic.dev/2.13/migration/
    class CardResponse(BaseModel):

app/schemas/comment.py:9
  /Users/gimseongseob/Desktop/project/Trello/taskflow/backend/app/schemas/comment.py:9: PydanticDeprecatedSince20: Support for class-based `config` is deprecated, use ConfigDict instead. Deprecated in Pydantic V2.0 to be removed in V3.0. See Pydantic V2 Migration Guide at https://errors.pydantic.dev/2.13/migration/
    class CommentResponse(BaseModel):

-- Docs: https://docs.pytest.org/en/stable/how-to/capture-warnings.html
======================= 22 passed, 7 warnings in 18.39s ========================
